[html.commonsupport.xyz/2018/Panola/index.html]
[backblue.gif]
[fade.gif]
[index.html]
[html.commonsupport.xyz/2018/Panola/css/responsive.css]
[html.commonsupport.xyz/2018/Panola/css/style.css]
[html.commonsupport.xyz/2018/Panola/images/logo.png]
[html.commonsupport.xyz/2018/Panola/room-grid.html]
[html.commonsupport.xyz/2018/Panola/room-list.html]
[html.commonsupport.xyz/2018/Panola/room-details.html]
[html.commonsupport.xyz/2018/Panola/about.html]
[html.commonsupport.xyz/2018/Panola/gallery.html]
[html.commonsupport.xyz/2018/Panola/our-place.html]
[html.commonsupport.xyz/2018/Panola/place-details.html]
[html.commonsupport.xyz/2018/Panola/service.html]
[html.commonsupport.xyz/2018/Panola/resturent.html]
[html.commonsupport.xyz/2018/Panola/spa.html]
[html.commonsupport.xyz/2018/Panola/testimonial.html]
[html.commonsupport.xyz/2018/Panola/offer.html]
[html.commonsupport.xyz/2018/Panola/staff.html]
[html.commonsupport.xyz/2018/Panola/error.html]
[html.commonsupport.xyz/2018/Panola/our-blog.html]
[html.commonsupport.xyz/2018/Panola/blog-details.html]
[html.commonsupport.xyz/2018/Panola/contact.html]
[html.commonsupport.xyz/2018/Panola/images/small-logo.png]
[html.commonsupport.xyz/2018/Panola/images/main-slider/1.jpg]
[html.commonsupport.xyz/2018/Panola/images/main-slider/2.jpg]
[html.commonsupport.xyz/2018/Panola/images/main-slider/3.jpg]
[html.commonsupport.xyz/2018/Panola/images/main-slider/4.jpg]
[html.commonsupport.xyz/2018/Panola/images/resource/3.jpg]
[html.commonsupport.xyz/2018/Panola/images/resource/2.jpg]
[html.commonsupport.xyz/2018/Panola/images/resource/1.jpg]
[html.commonsupport.xyz/2018/Panola/images/resource/4.jpg]
[html.commonsupport.xyz/2018/Panola/images/resource/5.jpg]
[html.commonsupport.xyz/2018/Panola/images/resource/6.jpg]
[html.commonsupport.xyz/2018/Panola/images/resource/7.jpg]
[html.commonsupport.xyz/2018/Panola/index1.html]
[html.commonsupport.xyz/2018/Panola/images/resource/service-2.jpg]
[html.commonsupport.xyz/2018/Panola/images/resource/service-3.jpg]
[html.commonsupport.xyz/2018/Panola/images/resource/service-4.jpg]
[html.commonsupport.xyz/2018/Panola/images/resource/8.jpg]
[html.commonsupport.xyz/2018/Panola/images/resource/gallery-2.jpg]
[html.commonsupport.xyz/2018/Panola/images/resource/9.jpg]
[html.commonsupport.xyz/2018/Panola/images/resource/10.jpg]
[html.commonsupport.xyz/2018/Panola/images/resource/11.jpg]
[html.commonsupport.xyz/2018/Panola/images/resource/16.jpg]
[html.commonsupport.xyz/2018/Panola/images/resource/t1.png]
[html.commonsupport.xyz/2018/Panola/images/resource/t2.png]
[html.commonsupport.xyz/2018/Panola/images/resource/t3.png]
[html.commonsupport.xyz/2018/Panola/images/background/1.jpg]
[html.commonsupport.xyz/2018/Panola/images/resource/news-1.jpg]
[html.commonsupport.xyz/2018/Panola/images/resource/news-2.jpg]
[html.commonsupport.xyz/2018/Panola/images/resource/news-3.jpg]
[html.commonsupport.xyz/2018/Panola/images/footer-logo.png]
[html.commonsupport.xyz/2018/Panola/js/jquery.js]
[html.commonsupport.xyz/2018/Panola/js/bootstrap.js]
[html.commonsupport.xyz/2018/Panola/js/owl.carousel.min.js]
[html.commonsupport.xyz/2018/Panola/js/wow.js]
[html.commonsupport.xyz/2018/Panola/js/validation.js]
[html.commonsupport.xyz/2018/Panola/js/jquery.fancybox.pack.js]
[html.commonsupport.xyz/2018/Panola/js/html5lightbox/html5lightbox.js]
[html.commonsupport.xyz/2018/Panola/js/gmaps.js]
[html.commonsupport.xyz/2018/Panola/js/map-helper.js]
[html.commonsupport.xyz/2018/Panola/js/isotope.js]
[html.commonsupport.xyz/2018/Panola/index.html]
[html.commonsupport.xyz/2018/Panola/js/script.js]
[html.commonsupport.xyz/2018/Panola/css/flaticon.css]
[html.commonsupport.xyz/2018/Panola/css/owl.css]
[html.commonsupport.xyz/2018/Panola/css/font-awesome.css]
[html.commonsupport.xyz/2018/Panola/js/jquery-ui.js]
[html.commonsupport.xyz/2018/Panola/css/jquery.fancybox.css]
[html.commonsupport.xyz/2018/Panola/css/animate.css]
[html.commonsupport.xyz/2018/Panola/css/jquery-ui.css]
[html.commonsupport.xyz/2018/Panola/images/resource/shap.png]
[html.commonsupport.xyz/2018/Panola/images/background/pattern.png]
[html.commonsupport.xyz/2018/Panola/images/icons/preloader.gif]
[html.commonsupport.xyz/2018/Panola/images/resource/1.png]
[html.commonsupport.xyz/2018/Panola/css/style.css]
[html.commonsupport.xyz/2018/Panola/css/responsive.css]
[html.commonsupport.xyz/2018/Panola/images/favicon.ico]
[html.commonsupport.xyz/2018/Panola/images/logo2.png]
[html.commonsupport.xyz/2018/Panola/images/main-slider/5.jpg]
[html.commonsupport.xyz/2018/Panola/images/main-slider/6.jpg]
[html.commonsupport.xyz/2018/Panola/images/main-slider/7.jpg]
[html.commonsupport.xyz/2018/Panola/images/resource/12.jpg]
[html.commonsupport.xyz/2018/Panola/images/resource/13.jpg]
[html.commonsupport.xyz/2018/Panola/images/resource/service-5.jpg]
[html.commonsupport.xyz/2018/Panola/images/resource/service-6.jpg]
[html.commonsupport.xyz/2018/Panola/images/resource/service-7.jpg]
[html.commonsupport.xyz/2018/Panola/images/background/2.jpg]
[html.commonsupport.xyz/2018/Panola/images/resource/dis-1.jpg]
[html.commonsupport.xyz/2018/Panola/images/resource/dis-2.jpg]
[html.commonsupport.xyz/2018/Panola/images/resource/dis-3.jpg]
[html.commonsupport.xyz/2018/Panola/index1.html]
[html.commonsupport.xyz/2018/Panola/images/background/page-title.jpg]
[html.commonsupport.xyz/2018/Panola/images/resource/room-4.jpg]
[html.commonsupport.xyz/2018/Panola/images/resource/room-5.jpg]
[html.commonsupport.xyz/2018/Panola/images/resource/room-6.jpg]
[html.commonsupport.xyz/2018/Panola/room-grid.html]
[html.commonsupport.xyz/2018/Panola/images/resource/room-7.jpg]
[html.commonsupport.xyz/2018/Panola/images/resource/room-8.jpg]
[html.commonsupport.xyz/2018/Panola/images/resource/room-9.jpg]
[html.commonsupport.xyz/2018/Panola/images/resource/room-10.jpg]
[html.commonsupport.xyz/2018/Panola/images/resource/room-11.jpg]
[html.commonsupport.xyz/2018/Panola/images/resource/room-12.jpg]
[html.commonsupport.xyz/2018/Panola/room-list.html]
[html.commonsupport.xyz/2018/Panola/images/resource/room-details.jpg]
[html.commonsupport.xyz/2018/Panola/images/resource/10.png]
[html.commonsupport.xyz/2018/Panola/images/resource/11.png]
[html.commonsupport.xyz/2018/Panola/images/resource/12.png]
[html.commonsupport.xyz/2018/Panola/images/resource/13.png]
[html.commonsupport.xyz/2018/Panola/images/resource/14.png]
[html.commonsupport.xyz/2018/Panola/images/resource/15.png]
[html.commonsupport.xyz/2018/Panola/room-details.html]
[html.commonsupport.xyz/2018/Panola/about.html]
[html.commonsupport.xyz/2018/Panola/images/resource/gallery-1.jpg]
[html.commonsupport.xyz/2018/Panola/images/resource/gallery-3.jpg]
[html.commonsupport.xyz/2018/Panola/images/resource/gallery-4.jpg]
[html.commonsupport.xyz/2018/Panola/images/resource/gallery-5.jpg]
[html.commonsupport.xyz/2018/Panola/images/resource/gallery-6.jpg]
[html.commonsupport.xyz/2018/Panola/gallery.html]
[html.commonsupport.xyz/2018/Panola/images/resource/place-1.jpg]
[html.commonsupport.xyz/2018/Panola/images/resource/place-2.jpg]
[html.commonsupport.xyz/2018/Panola/images/resource/place-3.jpg]
[html.commonsupport.xyz/2018/Panola/images/resource/place-4.jpg]
[html.commonsupport.xyz/2018/Panola/images/resource/place-5.jpg]
[html.commonsupport.xyz/2018/Panola/images/resource/place-6.jpg]
[html.commonsupport.xyz/2018/Panola/images/resource/place-7.jpg]
[html.commonsupport.xyz/2018/Panola/images/resource/place-8.jpg]
[html.commonsupport.xyz/2018/Panola/our-place.html]
[html.commonsupport.xyz/2018/Panola/images/resource/place-details.jpg]
[html.commonsupport.xyz/2018/Panola/images/resource/place-9.jpg]
[html.commonsupport.xyz/2018/Panola/images/resource/place-10.jpg]
[html.commonsupport.xyz/2018/Panola/images/resource/place-11.jpg]
[html.commonsupport.xyz/2018/Panola/place-details.html]
[html.commonsupport.xyz/2018/Panola/images/resource/service.jpg]
[html.commonsupport.xyz/2018/Panola/service.html]
[html.commonsupport.xyz/2018/Panola/images/background/page-title-1.jpg]
[html.commonsupport.xyz/2018/Panola/images/resource/dishes-1.jpg]
[html.commonsupport.xyz/2018/Panola/images/resource/dishes-2.jpg]
[html.commonsupport.xyz/2018/Panola/images/resource/dishes-3.jpg]
[html.commonsupport.xyz/2018/Panola/images/resource/dishes-4.jpg]
[html.commonsupport.xyz/2018/Panola/images/background/3.jpg]
[html.commonsupport.xyz/2018/Panola/images/resource/2.png]
[html.commonsupport.xyz/2018/Panola/images/resource/3.png]
[html.commonsupport.xyz/2018/Panola/images/resource/4.png]
[html.commonsupport.xyz/2018/Panola/images/resource/5.png]
[html.commonsupport.xyz/2018/Panola/images/resource/6.png]
[html.commonsupport.xyz/2018/Panola/images/resource/7.png]
[html.commonsupport.xyz/2018/Panola/images/resource/8.png]
[html.commonsupport.xyz/2018/Panola/images/resource/9.png]
[html.commonsupport.xyz/2018/Panola/images/background/4.jpg]
[html.commonsupport.xyz/2018/Panola/resturent.html]
[html.commonsupport.xyz/2018/Panola/css/bootstrap.css]
[html.commonsupport.xyz/2018/Panola/images/background/page-title-2.jpg]
[html.commonsupport.xyz/2018/Panola/images/resource/spa-1.jpg]
[html.commonsupport.xyz/2018/Panola/images/resource/spa-2.jpg]
[html.commonsupport.xyz/2018/Panola/images/resource/spa-3.jpg]
[html.commonsupport.xyz/2018/Panola/images/resource/spa-4.jpg]
[html.commonsupport.xyz/2018/Panola/images/resource/spa-5.jpg]
[html.commonsupport.xyz/2018/Panola/spa.html]
[html.commonsupport.xyz/2018/Panola/images/resource/t4.png]
[html.commonsupport.xyz/2018/Panola/images/resource/t5.png]
[html.commonsupport.xyz/2018/Panola/images/resource/t6.png]
[html.commonsupport.xyz/2018/Panola/testimonial.html]
[html.commonsupport.xyz/2018/Panola/images/resource/offer-1.jpg]
[html.commonsupport.xyz/2018/Panola/images/resource/offer-2.jpg]
[html.commonsupport.xyz/2018/Panola/images/resource/offer-3.jpg]
[html.commonsupport.xyz/2018/Panola/images/resource/offer-4.jpg]
[html.commonsupport.xyz/2018/Panola/offer.html]
[html.commonsupport.xyz/2018/Panola/images/resource/staff-1.jpg]
[html.commonsupport.xyz/2018/Panola/images/resource/staff-2.jpg]
[html.commonsupport.xyz/2018/Panola/images/resource/staff-3.jpg]
[html.commonsupport.xyz/2018/Panola/images/resource/staff-4.jpg]
[html.commonsupport.xyz/2018/Panola/images/resource/staff-5.jpg]
[html.commonsupport.xyz/2018/Panola/images/resource/staff-6.jpg]
[html.commonsupport.xyz/2018/Panola/images/resource/staff-7.jpg]
[html.commonsupport.xyz/2018/Panola/images/resource/staff-8.jpg]
[html.commonsupport.xyz/2018/Panola/staff.html]
[html.commonsupport.xyz/2018/Panola/error.html]
[html.commonsupport.xyz/2018/Panola/images/resource/news-4.jpg]
[html.commonsupport.xyz/2018/Panola/images/resource/news-5.jpg]
[html.commonsupport.xyz/2018/Panola/images/resource/news-6.jpg]
[html.commonsupport.xyz/2018/Panola/images/resource/news-7.jpg]
[html.commonsupport.xyz/2018/Panola/images/resource/news-8.jpg]
[html.commonsupport.xyz/2018/Panola/images/resource/news-9.jpg]
[html.commonsupport.xyz/2018/Panola/our-blog.html]
[html.commonsupport.xyz/2018/Panola/images/resource/news-details.jpg]
[html.commonsupport.xyz/2018/Panola/images/resource/14.jpg]
[html.commonsupport.xyz/2018/Panola/images/resource/15.jpg]
[html.commonsupport.xyz/2018/Panola/images/resource/comment-1.jpg]
[html.commonsupport.xyz/2018/Panola/images/resource/comment-2.jpg]
[html.commonsupport.xyz/2018/Panola/images/resource/post-1.jpg]
[html.commonsupport.xyz/2018/Panola/images/resource/post-2.jpg]
[html.commonsupport.xyz/2018/Panola/images/resource/post-3.jpg]
[html.commonsupport.xyz/2018/Panola/blog-details.html]
[html.commonsupport.xyz/2018/Panola/images/resource/map-marker.png]
[html.commonsupport.xyz/2018/Panola/contact.html]
[html.commonsupport.xyz/2018/Panola/js/SmoothScroll.js]
[html.commonsupport.xyz/2018/Panola/fonts/fontawesome-webfont914c.eot]
[html.commonsupport.xyz/2018/Panola/fonts/fontawesome-webfontd41d.eot]
[html.commonsupport.xyz/2018/Panola/fonts/fontawesome-webfont914c.woff2]
[html.commonsupport.xyz/2018/Panola/fonts/fontawesome-webfont914c.woff]
[html.commonsupport.xyz/2018/Panola/css/font-awesome.css]
[html.commonsupport.xyz/2018/Panola/fonts/fontawesome-webfont914c.ttf]
[html.commonsupport.xyz/2018/Panola/fonts/fontawesome-webfont914c.svg]
[html.commonsupport.xyz/2018/Panola/fonts/Flaticon.eot]
[html.commonsupport.xyz/2018/Panola/fonts/Flaticond41d.eot]
[html.commonsupport.xyz/2018/Panola/fonts/Flaticon.woff]
[html.commonsupport.xyz/2018/Panola/fonts/Flaticon.ttf]
[html.commonsupport.xyz/2018/Panola/css/flaticon.css]
[html.commonsupport.xyz/2018/Panola/fonts/Flaticon.svg]
[html.commonsupport.xyz/2018/Panola/css/owl.css]
[html.commonsupport.xyz/2018/Panola/css/bootstrap.css]
[html.commonsupport.xyz/2018/Panola/images/fancybox/fancybox_sprite.png]
[html.commonsupport.xyz/2018/Panola/images/fancybox/fancybox_loading.gif]
[html.commonsupport.xyz/2018/Panola/images/fancybox/blank.gif]
[html.commonsupport.xyz/2018/Panola/images/fancybox/fancybox_overlay.png]
[html.commonsupport.xyz/2018/Panola/images/fancybox/fancybox_sprite@2x.png]
[html.commonsupport.xyz/2018/Panola/images/fancybox/fancybox_loading@2x.gif]
[html.commonsupport.xyz/2018/Panola/css/jquery.fancybox.css]
[html.commonsupport.xyz/2018/Panola/css/animate.css]
[html.commonsupport.xyz/2018/Panola/images/ui-icons_888888_256x240.png]
[html.commonsupport.xyz/2018/Panola/css/jquery-ui.css]
[html.commonsupport.xyz/2018/Panola/room-grig.html]
[html.commonsupport.xyz/2018/Panola/fonts/fontawesome-webfont914c.svg]
[html.commonsupport.xyz/2018/Panola/fonts/Flaticon.svg]
[html.commonsupport.xyz/2018/Panola/css/owl.video.play.html]
[html.commonsupport.xyz/2018/Panola/css/images/ui-icons_777620_256x240.html]
[html.commonsupport.xyz/2018/Panola/css/images/ui-icons_cc0000_256x240.html]
[html.commonsupport.xyz/2018/Panola/css/images/ui-icons_777777_256x240.html]
